******************************************************************************
                  TI ARM Linker PC v5.2.5                      
******************************************************************************
>> Linked Sun Jun 04 21:09:44 2017

OUTPUT FILE NAME:   <blinky.out>
ENTRY POINT SYMBOL: "_c_int00"  address: 00001015


MEMORY CONFIGURATION

         name            origin    length      used     unused   attr    fill
----------------------  --------  ---------  --------  --------  ----  --------
  FLASH                 00000000   00040000  00001774  0003e88c  R  X
  SRAM                  20000000   00008000  00000284  00007d7c  RW X


SEGMENT ALLOCATION MAP

run origin  load origin   length   init length attrs members
----------  ----------- ---------- ----------- ----- -------
00000000    00000000    00001778   00001778    r-x
  00000000    00000000    0000026c   0000026c    r-- .intvecs
  0000026c    0000026c    00001252   00001252    r-x .text
  000014c0    000014c0    00000236   00000236    r-- .const
  000016f8    000016f8    00000080   00000080    r-- .cinit
20000000    20000000    00000284   00000000    rw-
  20000000    20000000    00000200   00000000    rw- .stack
  20000200    20000200    00000074   00000000    rw- .data
  20000274    20000274    00000010   00000000    rw- .bss


SECTION ALLOCATION MAP

 output                                  attributes/
section   page    origin      length       input sections
--------  ----  ----------  ----------   ----------------
.intvecs   0    00000000    0000026c     
                  00000000    0000026c     startup_ccs.obj (.intvecs)

.text      0    0000026c    00001252     
                  0000026c    00000260     blinky.obj (.text:main)
                  000004cc    000001ea     uartstdio.obj (.text:UARTvprintf)
                  000006b6    00000132     driverlib.lib : gpio.obj (.text:GPIOPadConfigSet)
                  000007e8    00000110                   : sysctl.obj (.text:SysCtlClockGet)
                  000008f8    000000f4                   : sysctl.obj (.text:SysCtlClockSet)
                  000009ec    000000b8     blinky.obj (.text:UART0IntHandler)
                  00000aa4    000000b8     blinky.obj (.text:UART1IntHandler)
                  00000b5c    0000009c     rtsv7M4_T_le_v4SPD16_eabi.lib : memcpy_t2.obj (.text)
                  00000bf8    00000088     UART_Config.obj (.text:ConfigureUART0)
                  00000c80    0000007a     rtsv7M4_T_le_v4SPD16_eabi.lib : memset_t2.obj (.text)
                  00000cfa    00000076     WS2812.obj (.text:Send_Hex)
                  00000d70    0000006c     rtsv7M4_T_le_v4SPD16_eabi.lib : autoinit.obj (.text)
                  00000ddc    0000006a                                   : copy_decompress_rle.obj (.text)
                  00000e46    00000002     startup_ccs.obj (.text:FaultISR)
                  00000e48    00000068     driverlib.lib : interrupt.obj (.text:IntEnable)
                  00000eb0    00000060     uartstdio.obj (.text:UARTStdioConfig)
                  00000f10    0000005c     UART_Config.obj (.text:ConfigureUART1)
                  00000f6c    00000056     driverlib.lib : gpio.obj (.text:GPIOIntTypeSet)
                  00000fc2    00000002     startup_ccs.obj (.text:IntDefaultHandler)
                  00000fc4    00000050     blinky.obj (.text:GPIODIntHandler)
                  00001014    00000050     rtsv7M4_T_le_v4SPD16_eabi.lib : boot.obj (.text)
                  00001064    0000004c                                   : cpy_tbl.obj (.text)
                  000010b0    00000048     driverlib.lib : gpio.obj (.text:GPIOPinConfigure)
                  000010f8    00000048     uartstdio.obj (.text:UARTwrite)
                  00001140    00000046     driverlib.lib : uart.obj (.text:UARTConfigSetExpClk)
                  00001186    00000002     startup_ccs.obj (.text:NmiSR)
                  00001188    00000044     rtsv7M4_T_le_v4SPD16_eabi.lib : exit.obj (.text)
                  000011cc    00000040     GPIO_Config.obj (.text:ConfigureGPIOD)
                  0000120c    00000040     rtsv7M4_T_le_v4SPD16_eabi.lib : u_divt2.obj (.text)
                  0000124c    00000034     driverlib.lib : sysctl.obj (.text:SysCtlPeripheralEnable)
                  00001280    0000002c     WS2812.obj (.text:Send_Code_0)
                  000012ac    0000002c     WS2812.obj (.text:Send_Code_1)
                  000012d8    0000002a     driverlib.lib : gpio.obj (.text:GPIODirModeSet)
                  00001302    00000002     rtsv7M4_T_le_v4SPD16_eabi.lib : i_div0.obj (.text)
                  00001304    00000028     GPIO_Config.obj (.text:GPIO_Init)
                  0000132c    00000024     driverlib.lib : interrupt.obj (.text:IntPrioritySet)
                  00001350    00000020                   : uart.obj (.text:UARTDisable)
                  00001370    0000001c     Timer_Config.obj (.text:intpriorityConfigure)
                  0000138c    0000001a     uartstdio.obj (.text:UARTprintf)
                  000013a6    00000018     driverlib.lib : gpio.obj (.text:GPIOPinTypeGPIOOutput)
                  000013be    00000002     --HOLE-- [fill = 0]
                  000013c0    00000018     rtsv7M4_T_le_v4SPD16_eabi.lib : args_main.obj (.text)
                  000013d8    00000014     driverlib.lib : uart.obj (.text:UARTEnable)
                  000013ec    00000014     rtsv7M4_T_le_v4SPD16_eabi.lib : _lock.obj (.text)
                  00001400    00000012     driverlib.lib : gpio.obj (.text:GPIOPinTypeGPIOInput)
                  00001412    00000012                   : gpio.obj (.text:GPIOPinTypeUART)
                  00001424    0000000e                   : gpio.obj (.text:GPIOIntStatus)
                  00001432    0000000e                   : uart.obj (.text:UARTCharGetNonBlocking)
                  00001440    0000000e                   : uart.obj (.text:UARTCharsAvail)
                  0000144e    0000000e     rtsv7M4_T_le_v4SPD16_eabi.lib : copy_decompress_none.obj (.text:decompress:none)
                  0000145c    0000000c     driverlib.lib : gpio.obj (.text:GPIOIntEnable)
                  00001468    0000000c     rtsv7M4_T_le_v4SPD16_eabi.lib : copy_zero_init.obj (.text:decompress:ZI)
                  00001474    0000000a     driverlib.lib : uart.obj (.text:UARTIntStatus)
                  0000147e    00000008                   : uart.obj (.text:UARTIntEnable)
                  00001486    00000006                   : gpio.obj (.text:GPIOIntClear)
                  0000148c    00000006                   : gpio.obj (.text:GPIOPinRead)
                  00001492    00000006                   : gpio.obj (.text:GPIOPinWrite)
                  00001498    00000006     startup_ccs.obj (.text:ResetISR)
                  0000149e    00000006     WS2812.obj (.text:Send_Reset)
                  000014a4    00000006     driverlib.lib : sysctl.obj (.text:SysCtlDelay)
                  000014aa    00000006                   : uart.obj (.text:UARTClockSourceSet)
                  000014b0    00000006     rtsv7M4_T_le_v4SPD16_eabi.lib : copy_decompress_rle.obj (.text:decompress:rle24)
                  000014b6    00000004     driverlib.lib : uart.obj (.text:UARTIntClear)
                  000014ba    00000004     rtsv7M4_T_le_v4SPD16_eabi.lib : pre_init.obj (.text)

.const     0    000014c0    00000236     
                  000014c0    0000009c     driverlib.lib : interrupt.obj (.const:g_pui32Regs)
                  0000155c    00000090                   : gpio.obj (.const:g_pui32GPIOBaseAddrs)
                  000015ec    00000070                   : interrupt.obj (.const)
                  0000165c    0000006c                   : sysctl.obj (.const:g_pui32Xtals)
                  000016c8    0000001c     uartstdio.obj (.const)
                  000016e4    00000012     uartstdio.obj (.const:.string)

.cinit     0    000016f8    00000080     
                  000016f8    0000005a     (.cinit..data.load) [load image, compression = rle]
                  00001752    00000002     --HOLE-- [fill = 0]
                  00001754    0000000c     (__TI_handler_table)
                  00001760    00000008     (.cinit..bss.load) [load image, compression = zero_init]
                  00001768    00000010     (__TI_cinit_table)

.init_array 
*          0    00000000    00000000     UNINITIALIZED

.stack     0    20000000    00000200     UNINITIALIZED
                  20000000    00000200     --HOLE--

.data      0    20000200    00000074     UNINITIALIZED
                  20000200    00000048     blinky.obj (.data:LED_table)
                  20000248    0000000d     blinky.obj (.data)
                  20000255    00000003     --HOLE--
                  20000258    00000008     rtsv7M4_T_le_v4SPD16_eabi.lib : _lock.obj (.data)
                  20000260    00000008                                   : exit.obj (.data)
                  20000268    00000005     uartstdio.obj (.data)
                  2000026d    00000003     --HOLE--
                  20000270    00000004     rtsv7M4_T_le_v4SPD16_eabi.lib : stkdepth_vars.obj (.data)

.bss       0    20000274    00000010     UNINITIALIZED
                  20000274    00000008     (.common:LEDCtrl_Buffer)
                  2000027c    00000008     (.common:Rx_Buffer_LEDCtrl)

.TI.persistent 
*          0    20000200    00000000     UNINITIALIZED

.TI.noinit 
*          0    20000274    00000000     UNINITIALIZED


LINKER GENERATED COPY TABLES

__TI_cinit_table @ 00001768 records: 2, size/record: 8, table size: 16
	.data: load addr=000016f8, load size=0000005a bytes, run addr=20000200, run size=00000074 bytes, compression=rle
	.bss: load addr=00001760, load size=00000008 bytes, run addr=20000274, run size=00000010 bytes, compression=zero_init


LINKER GENERATED HANDLER TABLE

__TI_handler_table @ 00001754 records: 3, size/record: 4, table size: 12
	index: 0, handler: __TI_decompress_rle24
	index: 1, handler: __TI_decompress_none
	index: 2, handler: __TI_zero_init


GLOBAL SYMBOLS: SORTED ALPHABETICALLY BY Name 

address   name                    
-------   ----                    
00001189  C$$EXIT                 
000011cd  ConfigureGPIOD          
00000bf9  ConfigureUART0          
00000f11  ConfigureUART1          
00000fc5  GPIODIntHandler         
000012d9  GPIODirModeSet          
00001487  GPIOIntClear            
0000145d  GPIOIntEnable           
00001425  GPIOIntStatus           
00000f6d  GPIOIntTypeSet          
000006b7  GPIOPadConfigSet        
000010b1  GPIOPinConfigure        
0000148d  GPIOPinRead             
00001401  GPIOPinTypeGPIOInput    
000013a7  GPIOPinTypeGPIOOutput   
00001413  GPIOPinTypeUART         
00001493  GPIOPinWrite            
00001305  GPIO_Init               
00000e49  IntEnable               
0000132d  IntPrioritySet          
20000274  LEDCtrl_Buffer          
20000252  LEDCtrl_flag            
20000200  LED_table               
20000248  RGB_Reset               
2000024b  RGB_Single              
2000024f  RGB_flag                
20000250  RGB_flag2               
00001499  ResetISR                
2000027c  Rx_Buffer_LEDCtrl       
UNDEFED   SHT$$INIT_ARRAY$$Base   
UNDEFED   SHT$$INIT_ARRAY$$Limit  
00001281  Send_Code_0             
000012ad  Send_Code_1             
00000cfb  Send_Hex                
0000149f  Send_Reset              
000007e9  SysCtlClockGet          
000008f9  SysCtlClockSet          
000014a5  SysCtlDelay             
0000124d  SysCtlPeripheralEnable  
000009ed  UART0IntHandler         
00000aa5  UART1IntHandler         
00001433  UARTCharGetNonBlocking  
00001441  UARTCharsAvail          
000014ab  UARTClockSourceSet      
00001141  UARTConfigSetExpClk     
00001351  UARTDisable             
000013d9  UARTEnable              
000014b7  UARTIntClear            
0000147f  UARTIntEnable           
00001475  UARTIntStatus           
00000eb1  UARTStdioConfig         
0000138d  UARTprintf              
000004cd  UARTvprintf             
000010f9  UARTwrite               
20000200  __STACK_END             
00000200  __STACK_SIZE            
20000200  __STACK_TOP             
00001768  __TI_CINIT_Base         
00001778  __TI_CINIT_Limit        
00001754  __TI_Handler_Table_Base 
00001760  __TI_Handler_Table_Limit
00000d71  __TI_auto_init          
20000260  __TI_cleanup_ptr        
0000144f  __TI_decompress_none    
000014b1  __TI_decompress_rle24   
20000264  __TI_dtors_ptr          
00000000  __TI_static_base__      
00001469  __TI_zero_init          
00001303  __aeabi_idiv0           
00000c81  __aeabi_memclr          
00000c81  __aeabi_memclr4         
00000c81  __aeabi_memclr8         
00000b5d  __aeabi_memcpy          
00000b5d  __aeabi_memcpy4         
00000b5d  __aeabi_memcpy8         
00000c83  __aeabi_memset          
00000c83  __aeabi_memset4         
00000c83  __aeabi_memset8         
0000120d  __aeabi_uidiv           
0000120d  __aeabi_uidivmod        
ffffffff  __binit__               
ffffffff  __c_args__              
20000000  __stack                 
000013c1  _args_main              
00001015  _c_int00                
20000258  _lock                   
000013fb  _nop                    
000013f3  _register_lock          
000013ed  _register_unlock        
000014bb  _system_pre_init        
2000025c  _unlock                 
0000118d  abort                   
ffffffff  binit                   
00001065  copy_in                 
00001195  exit                    
00000000  g_pfnVectors            
00001371  intpriorityConfigure    
20000254  is_LEDCtrl              
0000026d  main                    
20000270  main_func_sp            
00000b5d  memcpy                  
00000c89  memset                  
20000251  rx_buffer               
20000253  start_receive_LEDCtrl   
2000024e  sys_flag                


GLOBAL SYMBOLS: SORTED BY Symbol Address 

address   name                    
-------   ----                    
00000000  __TI_static_base__      
00000000  g_pfnVectors            
00000200  __STACK_SIZE            
0000026d  main                    
000004cd  UARTvprintf             
000006b7  GPIOPadConfigSet        
000007e9  SysCtlClockGet          
000008f9  SysCtlClockSet          
000009ed  UART0IntHandler         
00000aa5  UART1IntHandler         
00000b5d  __aeabi_memcpy          
00000b5d  __aeabi_memcpy4         
00000b5d  __aeabi_memcpy8         
00000b5d  memcpy                  
00000bf9  ConfigureUART0          
00000c81  __aeabi_memclr          
00000c81  __aeabi_memclr4         
00000c81  __aeabi_memclr8         
00000c83  __aeabi_memset          
00000c83  __aeabi_memset4         
00000c83  __aeabi_memset8         
00000c89  memset                  
00000cfb  Send_Hex                
00000d71  __TI_auto_init          
00000e49  IntEnable               
00000eb1  UARTStdioConfig         
00000f11  ConfigureUART1          
00000f6d  GPIOIntTypeSet          
00000fc5  GPIODIntHandler         
00001015  _c_int00                
00001065  copy_in                 
000010b1  GPIOPinConfigure        
000010f9  UARTwrite               
00001141  UARTConfigSetExpClk     
00001189  C$$EXIT                 
0000118d  abort                   
00001195  exit                    
000011cd  ConfigureGPIOD          
0000120d  __aeabi_uidiv           
0000120d  __aeabi_uidivmod        
0000124d  SysCtlPeripheralEnable  
00001281  Send_Code_0             
000012ad  Send_Code_1             
000012d9  GPIODirModeSet          
00001303  __aeabi_idiv0           
00001305  GPIO_Init               
0000132d  IntPrioritySet          
00001351  UARTDisable             
00001371  intpriorityConfigure    
0000138d  UARTprintf              
000013a7  GPIOPinTypeGPIOOutput   
000013c1  _args_main              
000013d9  UARTEnable              
000013ed  _register_unlock        
000013f3  _register_lock          
000013fb  _nop                    
00001401  GPIOPinTypeGPIOInput    
00001413  GPIOPinTypeUART         
00001425  GPIOIntStatus           
00001433  UARTCharGetNonBlocking  
00001441  UARTCharsAvail          
0000144f  __TI_decompress_none    
0000145d  GPIOIntEnable           
00001469  __TI_zero_init          
00001475  UARTIntStatus           
0000147f  UARTIntEnable           
00001487  GPIOIntClear            
0000148d  GPIOPinRead             
00001493  GPIOPinWrite            
00001499  ResetISR                
0000149f  Send_Reset              
000014a5  SysCtlDelay             
000014ab  UARTClockSourceSet      
000014b1  __TI_decompress_rle24   
000014b7  UARTIntClear            
000014bb  _system_pre_init        
00001754  __TI_Handler_Table_Base 
00001760  __TI_Handler_Table_Limit
00001768  __TI_CINIT_Base         
00001778  __TI_CINIT_Limit        
20000000  __stack                 
20000200  LED_table               
20000200  __STACK_END             
20000200  __STACK_TOP             
20000248  RGB_Reset               
2000024b  RGB_Single              
2000024e  sys_flag                
2000024f  RGB_flag                
20000250  RGB_flag2               
20000251  rx_buffer               
20000252  LEDCtrl_flag            
20000253  start_receive_LEDCtrl   
20000254  is_LEDCtrl              
20000258  _lock                   
2000025c  _unlock                 
20000260  __TI_cleanup_ptr        
20000264  __TI_dtors_ptr          
20000270  main_func_sp            
20000274  LEDCtrl_Buffer          
2000027c  Rx_Buffer_LEDCtrl       
ffffffff  __binit__               
ffffffff  __c_args__              
ffffffff  binit                   
UNDEFED   SHT$$INIT_ARRAY$$Base   
UNDEFED   SHT$$INIT_ARRAY$$Limit  

[105 symbols]
