******************************************************************************
                  TI ARM Linker PC v5.2.5                      
******************************************************************************
>> Linked Tue Jun 06 16:44:17 2017

OUTPUT FILE NAME:   <blinky.out>
ENTRY POINT SYMBOL: "_c_int00"  address: 0000146d


MEMORY CONFIGURATION

         name            origin    length      used     unused   attr    fill
----------------------  --------  ---------  --------  --------  ----  --------
  FLASH                 00000000   00040000  00001b98  0003e468  R  X
  SRAM                  20000000   00008000  00000284  00007d7c  RW X


SEGMENT ALLOCATION MAP

run origin  load origin   length   init length attrs members
----------  ----------- ---------- ----------- ----- -------
00000000    00000000    00001ba0   00001ba0    r-x
  00000000    00000000    0000026c   0000026c    r-- .intvecs
  0000026c    0000026c    00001676   00001676    r-x .text
  000018e4    000018e4    00000236   00000236    r-- .const
  00001b20    00001b20    00000080   00000080    r-- .cinit
20000000    20000000    00000284   00000000    rw-
  20000000    20000000    00000200   00000000    rw- .stack
  20000200    20000200    00000074   00000000    rw- .data
  20000274    20000274    00000010   00000000    rw- .bss


SECTION ALLOCATION MAP

 output                                  attributes/
section   page    origin      length       input sections
--------  ----  ----------  ----------   ----------------
.intvecs   0    00000000    0000026c     
                  00000000    0000026c     startup_ccs.obj (.intvecs)

.text      0    0000026c    00001676     
                  0000026c    000003c8     blinky.obj (.text:main)
                  00000634    0000030c     uartstdio.obj (.text:UARTvprintf)
                  00000940    00000132     driverlib.lib : gpio.obj (.text:GPIOPadConfigSet)
                  00000a72    00000002     startup_ccs.obj (.text:FaultISR)
                  00000a74    00000110     driverlib.lib : sysctl.obj (.text:SysCtlClockGet)
                  00000b84    000000f4                   : sysctl.obj (.text:SysCtlClockSet)
                  00000c78    000000e6     WS2812.obj (.text:Send_Hex)
                  00000d5e    00000002     startup_ccs.obj (.text:IntDefaultHandler)
                  00000d60    000000c4     blinky.obj (.text:UART0IntHandler)
                  00000e24    000000c4     blinky.obj (.text:UART1IntHandler)
                  00000ee8    000000c4     blinky.obj (.text:UART2IntHandler)
                  00000fac    0000009c     rtsv7M4_T_le_v4SPD16_eabi.lib : memcpy_t2.obj (.text)
                  00001048    00000084     UART_Config.obj (.text:ConfigureUART0)
                  000010cc    0000007a     rtsv7M4_T_le_v4SPD16_eabi.lib : memset_t2.obj (.text)
                  00001146    00000002     startup_ccs.obj (.text:NmiSR)
                  00001148    00000074     uartstdio.obj (.text:UARTStdioConfig)
                  000011bc    0000006c     rtsv7M4_T_le_v4SPD16_eabi.lib : autoinit.obj (.text)
                  00001228    0000006a                                   : copy_decompress_rle.obj (.text)
                  00001292    00000002                                   : i_div0.obj (.text)
                  00001294    00000068     driverlib.lib : interrupt.obj (.text:IntEnable)
                  000012fc    00000064     UART_Config.obj (.text:ConfigureUART1)
                  00001360    0000005c     uartstdio.obj (.text:UARTwrite)
                  000013bc    00000058     blinky.obj (.text:GPIODIntHandler)
                  00001414    00000056     driverlib.lib : gpio.obj (.text:GPIOIntTypeSet)
                  0000146a    00000002     --HOLE-- [fill = 0]
                  0000146c    00000050     rtsv7M4_T_le_v4SPD16_eabi.lib : boot.obj (.text)
                  000014bc    0000004c                                   : cpy_tbl.obj (.text)
                  00001508    00000048     driverlib.lib : gpio.obj (.text:GPIOPinConfigure)
                  00001550    00000046                   : uart.obj (.text:UARTConfigSetExpClk)
                  00001596    00000002     --HOLE-- [fill = 0]
                  00001598    00000044     rtsv7M4_T_le_v4SPD16_eabi.lib : exit.obj (.text)
                  000015dc    00000040     GPIO_Config.obj (.text:ConfigureGPIOD)
                  0000161c    00000040     rtsv7M4_T_le_v4SPD16_eabi.lib : u_divt2.obj (.text)
                  0000165c    00000034     driverlib.lib : sysctl.obj (.text:SysCtlPeripheralEnable)
                  00001690    0000002a                   : gpio.obj (.text:GPIODirModeSet)
                  000016ba    00000002     --HOLE-- [fill = 0]
                  000016bc    00000028     WS2812.obj (.text:Send_Code_0)
                  000016e4    00000028     WS2812.obj (.text:Send_Code_1)
                  0000170c    00000024     GPIO_Config.obj (.text:GPIO_Init)
                  00001730    00000024     driverlib.lib : interrupt.obj (.text:IntPrioritySet)
                  00001754    00000024     uartstdio.obj (.text:UARTprintf)
                  00001778    00000020     driverlib.lib : uart.obj (.text:UARTDisable)
                  00001798    0000001c     Timer_Config.obj (.text:intpriorityConfigure)
                  000017b4    00000018     driverlib.lib : gpio.obj (.text:GPIOPinTypeGPIOOutput)
                  000017cc    00000018     rtsv7M4_T_le_v4SPD16_eabi.lib : args_main.obj (.text)
                  000017e4    00000014     WS2812.obj (.text:Send_Reset)
                  000017f8    00000014     driverlib.lib : uart.obj (.text:UARTEnable)
                  0000180c    00000014     rtsv7M4_T_le_v4SPD16_eabi.lib : _lock.obj (.text)
                  00001820    00000012     driverlib.lib : gpio.obj (.text:GPIOPinTypeGPIOInput)
                  00001832    00000012                   : gpio.obj (.text:GPIOPinTypeUART)
                  00001844    0000000e                   : gpio.obj (.text:GPIOIntStatus)
                  00001852    0000000e                   : uart.obj (.text:UARTCharGetNonBlocking)
                  00001860    0000000e                   : uart.obj (.text:UARTCharsAvail)
                  0000186e    0000000e     rtsv7M4_T_le_v4SPD16_eabi.lib : copy_decompress_none.obj (.text:decompress:none)
                  0000187c    0000000c     driverlib.lib : gpio.obj (.text:GPIOIntEnable)
                  00001888    0000000c     rtsv7M4_T_le_v4SPD16_eabi.lib : copy_zero_init.obj (.text:decompress:ZI)
                  00001894    0000000a     driverlib.lib : uart.obj (.text:UARTCharPut)
                  0000189e    0000000a                   : uart.obj (.text:UARTIntStatus)
                  000018a8    00000008                   : uart.obj (.text:UARTIntEnable)
                  000018b0    00000006                   : gpio.obj (.text:GPIOIntClear)
                  000018b6    00000006                   : gpio.obj (.text:GPIOPinRead)
                  000018bc    00000006                   : gpio.obj (.text:GPIOPinWrite)
                  000018c2    00000006     startup_ccs.obj (.text:ResetISR)
                  000018c8    00000006     driverlib.lib : sysctl.obj (.text:SysCtlDelay)
                  000018ce    00000006                   : uart.obj (.text:UARTClockSourceSet)
                  000018d4    00000006     rtsv7M4_T_le_v4SPD16_eabi.lib : copy_decompress_rle.obj (.text:decompress:rle24)
                  000018da    00000004     driverlib.lib : uart.obj (.text:UARTIntClear)
                  000018de    00000004     rtsv7M4_T_le_v4SPD16_eabi.lib : pre_init.obj (.text)

.const     0    000018e4    00000236     
                  000018e4    0000009c     driverlib.lib : interrupt.obj (.const:g_pui32Regs)
                  00001980    00000090                   : gpio.obj (.const:g_pui32GPIOBaseAddrs)
                  00001a10    00000070                   : interrupt.obj (.const)
                  00001a80    0000006c                   : sysctl.obj (.const:g_pui32Xtals)
                  00001aec    0000001c     uartstdio.obj (.const)
                  00001b08    00000012     uartstdio.obj (.const:.string)

.cinit     0    00001b20    00000080     
                  00001b20    0000005a     (.cinit..data.load) [load image, compression = rle]
                  00001b7a    00000002     --HOLE-- [fill = 0]
                  00001b7c    0000000c     (__TI_handler_table)
                  00001b88    00000008     (.cinit..bss.load) [load image, compression = zero_init]
                  00001b90    00000010     (__TI_cinit_table)

.init_array 
*          0    00000000    00000000     UNINITIALIZED

.stack     0    20000000    00000200     UNINITIALIZED
                  20000000    00000200     --HOLE--

.data      0    20000200    00000074     UNINITIALIZED
                  20000200    00000048     blinky.obj (.data:LED_table)
                  20000248    0000000d     blinky.obj (.data)
                  20000255    00000003     --HOLE--
                  20000258    00000008     rtsv7M4_T_le_v4SPD16_eabi.lib : _lock.obj (.data)
                  20000260    00000008                                   : exit.obj (.data)
                  20000268    00000005     uartstdio.obj (.data)
                  2000026d    00000003     --HOLE--
                  20000270    00000004     rtsv7M4_T_le_v4SPD16_eabi.lib : stkdepth_vars.obj (.data)

.bss       0    20000274    00000010     UNINITIALIZED
                  20000274    00000008     (.common:LEDCtrl_Buffer)
                  2000027c    00000008     (.common:Rx_Buffer_LEDCtrl)

.TI.persistent 
*          0    20000200    00000000     UNINITIALIZED

.TI.noinit 
*          0    20000274    00000000     UNINITIALIZED


LINKER GENERATED COPY TABLES

__TI_cinit_table @ 00001b90 records: 2, size/record: 8, table size: 16
	.data: load addr=00001b20, load size=0000005a bytes, run addr=20000200, run size=00000074 bytes, compression=rle
	.bss: load addr=00001b88, load size=00000008 bytes, run addr=20000274, run size=00000010 bytes, compression=zero_init


LINKER GENERATED HANDLER TABLE

__TI_handler_table @ 00001b7c records: 3, size/record: 4, table size: 12
	index: 0, handler: __TI_decompress_rle24
	index: 1, handler: __TI_decompress_none
	index: 2, handler: __TI_zero_init


GLOBAL SYMBOLS: SORTED ALPHABETICALLY BY Name 

address   name                    
-------   ----                    
00001599  C$$EXIT                 
000015dd  ConfigureGPIOD          
00001049  ConfigureUART0          
000012fd  ConfigureUART1          
000013bd  GPIODIntHandler         
00001691  GPIODirModeSet          
000018b1  GPIOIntClear            
0000187d  GPIOIntEnable           
00001845  GPIOIntStatus           
00001415  GPIOIntTypeSet          
00000941  GPIOPadConfigSet        
00001509  GPIOPinConfigure        
000018b7  GPIOPinRead             
00001821  GPIOPinTypeGPIOInput    
000017b5  GPIOPinTypeGPIOOutput   
00001833  GPIOPinTypeUART         
000018bd  GPIOPinWrite            
0000170d  GPIO_Init               
00001295  IntEnable               
00001731  IntPrioritySet          
20000274  LEDCtrl_Buffer          
20000252  LEDCtrl_flag            
20000200  LED_table               
20000248  RGB_Reset               
2000024b  RGB_Single              
2000024f  RGB_flag                
20000250  RGB_flag2               
000018c3  ResetISR                
2000027c  Rx_Buffer_LEDCtrl       
UNDEFED   SHT$$INIT_ARRAY$$Base   
UNDEFED   SHT$$INIT_ARRAY$$Limit  
000016bd  Send_Code_0             
000016e5  Send_Code_1             
00000c79  Send_Hex                
000017e5  Send_Reset              
00000a75  SysCtlClockGet          
00000b85  SysCtlClockSet          
000018c9  SysCtlDelay             
0000165d  SysCtlPeripheralEnable  
00000d61  UART0IntHandler         
00000e25  UART1IntHandler         
00000ee9  UART2IntHandler         
00001853  UARTCharGetNonBlocking  
00001895  UARTCharPut             
00001861  UARTCharsAvail          
000018cf  UARTClockSourceSet      
00001551  UARTConfigSetExpClk     
00001779  UARTDisable             
000017f9  UARTEnable              
000018db  UARTIntClear            
000018a9  UARTIntEnable           
0000189f  UARTIntStatus           
00001149  UARTStdioConfig         
00001755  UARTprintf              
00000635  UARTvprintf             
00001361  UARTwrite               
20000200  __STACK_END             
00000200  __STACK_SIZE            
20000200  __STACK_TOP             
00001b90  __TI_CINIT_Base         
00001ba0  __TI_CINIT_Limit        
00001b7c  __TI_Handler_Table_Base 
00001b88  __TI_Handler_Table_Limit
000011bd  __TI_auto_init          
20000260  __TI_cleanup_ptr        
0000186f  __TI_decompress_none    
000018d5  __TI_decompress_rle24   
20000264  __TI_dtors_ptr          
00000000  __TI_static_base__      
00001889  __TI_zero_init          
00001293  __aeabi_idiv0           
000010cd  __aeabi_memclr          
000010cd  __aeabi_memclr4         
000010cd  __aeabi_memclr8         
00000fad  __aeabi_memcpy          
00000fad  __aeabi_memcpy4         
00000fad  __aeabi_memcpy8         
000010cf  __aeabi_memset          
000010cf  __aeabi_memset4         
000010cf  __aeabi_memset8         
0000161d  __aeabi_uidiv           
0000161d  __aeabi_uidivmod        
ffffffff  __binit__               
ffffffff  __c_args__              
20000000  __stack                 
000017cd  _args_main              
0000146d  _c_int00                
20000258  _lock                   
0000181b  _nop                    
00001813  _register_lock          
0000180d  _register_unlock        
000018df  _system_pre_init        
2000025c  _unlock                 
0000159d  abort                   
ffffffff  binit                   
000014bd  copy_in                 
000015a5  exit                    
00000000  g_pfnVectors            
00001799  intpriorityConfigure    
20000254  is_LEDCtrl              
0000026d  main                    
20000270  main_func_sp            
00000fad  memcpy                  
000010d5  memset                  
20000251  rx_buffer               
20000253  start_receive_LEDCtrl   
2000024e  sys_flag                


GLOBAL SYMBOLS: SORTED BY Symbol Address 

address   name                    
-------   ----                    
00000000  __TI_static_base__      
00000000  g_pfnVectors            
00000200  __STACK_SIZE            
0000026d  main                    
00000635  UARTvprintf             
00000941  GPIOPadConfigSet        
00000a75  SysCtlClockGet          
00000b85  SysCtlClockSet          
00000c79  Send_Hex                
00000d61  UART0IntHandler         
00000e25  UART1IntHandler         
00000ee9  UART2IntHandler         
00000fad  __aeabi_memcpy          
00000fad  __aeabi_memcpy4         
00000fad  __aeabi_memcpy8         
00000fad  memcpy                  
00001049  ConfigureUART0          
000010cd  __aeabi_memclr          
000010cd  __aeabi_memclr4         
000010cd  __aeabi_memclr8         
000010cf  __aeabi_memset          
000010cf  __aeabi_memset4         
000010cf  __aeabi_memset8         
000010d5  memset                  
00001149  UARTStdioConfig         
000011bd  __TI_auto_init          
00001293  __aeabi_idiv0           
00001295  IntEnable               
000012fd  ConfigureUART1          
00001361  UARTwrite               
000013bd  GPIODIntHandler         
00001415  GPIOIntTypeSet          
0000146d  _c_int00                
000014bd  copy_in                 
00001509  GPIOPinConfigure        
00001551  UARTConfigSetExpClk     
00001599  C$$EXIT                 
0000159d  abort                   
000015a5  exit                    
000015dd  ConfigureGPIOD          
0000161d  __aeabi_uidiv           
0000161d  __aeabi_uidivmod        
0000165d  SysCtlPeripheralEnable  
00001691  GPIODirModeSet          
000016bd  Send_Code_0             
000016e5  Send_Code_1             
0000170d  GPIO_Init               
00001731  IntPrioritySet          
00001755  UARTprintf              
00001779  UARTDisable             
00001799  intpriorityConfigure    
000017b5  GPIOPinTypeGPIOOutput   
000017cd  _args_main              
000017e5  Send_Reset              
000017f9  UARTEnable              
0000180d  _register_unlock        
00001813  _register_lock          
0000181b  _nop                    
00001821  GPIOPinTypeGPIOInput    
00001833  GPIOPinTypeUART         
00001845  GPIOIntStatus           
00001853  UARTCharGetNonBlocking  
00001861  UARTCharsAvail          
0000186f  __TI_decompress_none    
0000187d  GPIOIntEnable           
00001889  __TI_zero_init          
00001895  UARTCharPut             
0000189f  UARTIntStatus           
000018a9  UARTIntEnable           
000018b1  GPIOIntClear            
000018b7  GPIOPinRead             
000018bd  GPIOPinWrite            
000018c3  ResetISR                
000018c9  SysCtlDelay             
000018cf  UARTClockSourceSet      
000018d5  __TI_decompress_rle24   
000018db  UARTIntClear            
000018df  _system_pre_init        
00001b7c  __TI_Handler_Table_Base 
00001b88  __TI_Handler_Table_Limit
00001b90  __TI_CINIT_Base         
00001ba0  __TI_CINIT_Limit        
20000000  __stack                 
20000200  LED_table               
20000200  __STACK_END             
20000200  __STACK_TOP             
20000248  RGB_Reset               
2000024b  RGB_Single              
2000024e  sys_flag                
2000024f  RGB_flag                
20000250  RGB_flag2               
20000251  rx_buffer               
20000252  LEDCtrl_flag            
20000253  start_receive_LEDCtrl   
20000254  is_LEDCtrl              
20000258  _lock                   
2000025c  _unlock                 
20000260  __TI_cleanup_ptr        
20000264  __TI_dtors_ptr          
20000270  main_func_sp            
20000274  LEDCtrl_Buffer          
2000027c  Rx_Buffer_LEDCtrl       
ffffffff  __binit__               
ffffffff  __c_args__              
ffffffff  binit                   
UNDEFED   SHT$$INIT_ARRAY$$Base   
UNDEFED   SHT$$INIT_ARRAY$$Limit  

[107 symbols]
